// Jest Snapshot v1, https://goo.gl/fbAQLP

exports[`SearchForm should render correctly 1`] = `
ShallowWrapper {
  Symbol(enzyme.__root__): [Circular],
  Symbol(enzyme.__unrendered__): <SearchForm />,
  Symbol(enzyme.__renderer__): Object {
    "batchedUpdates": [Function],
    "getNode": [Function],
    "render": [Function],
    "simulateError": [Function],
    "simulateEvent": [Function],
    "unmount": [Function],
  },
  Symbol(enzyme.__node__): Object {
    "instance": null,
    "key": undefined,
    "nodeType": "function",
    "props": Object {
      "children": <form
        onSubmit={[Function]}
      >
        <ForwardRef
          id="location"
          onChange={[Function]}
          onKeyPress={[Function]}
          placeholder="type something"
          value=""
        />
        <ForwardRef>
          <ForwardRef>
            Search by: 
          </ForwardRef>
          <OptionButton
            text="title"
          />
          <OptionButton
            text="genres"
          />
          <ForwardRef
            onClick={[Function]}
            type="button"
          >
            Search
          </ForwardRef>
        </ForwardRef>
      </form>,
    },
    "ref": null,
    "rendered": Object {
      "instance": null,
      "key": undefined,
      "nodeType": "host",
      "props": Object {
        "children": Array [
          <ForwardRef
            id="location"
            onChange={[Function]}
            onKeyPress={[Function]}
            placeholder="type something"
            value=""
          />,
          <ForwardRef>
            <ForwardRef>
              Search by: 
            </ForwardRef>
            <OptionButton
              text="title"
            />
            <OptionButton
              text="genres"
            />
            <ForwardRef
              onClick={[Function]}
              type="button"
            >
              Search
            </ForwardRef>
          </ForwardRef>,
        ],
        "onSubmit": [Function],
      },
      "ref": null,
      "rendered": Array [
        Object {
          "instance": null,
          "key": undefined,
          "nodeType": "function",
          "props": Object {
            "id": "location",
            "onChange": [Function],
            "onKeyPress": [Function],
            "placeholder": "type something",
            "value": "",
          },
          "ref": null,
          "rendered": null,
          "type": Object {
            "$$typeof": Symbol(react.forward_ref),
            "attrs": Array [],
            "componentStyle": ComponentStyle {
              "componentId": "SearchFormStyles__InputWrapper-emg76u-1",
              "isStatic": true,
              "rules": Array [
                "font-size:18px;border:0;width:780px;height:24px;background:#fff;padding:6px;border:1px solid grey;border-radius:4px;",
              ],
            },
            "displayName": "InputWrapper",
            "foldedComponentIds": Array [],
            "render": [Function],
            "styledComponentId": "SearchFormStyles__InputWrapper-emg76u-1",
            "target": "input",
            "toString": [Function],
            "warnTooManyClasses": [Function],
            "withComponent": [Function],
          },
        },
        Object {
          "instance": null,
          "key": undefined,
          "nodeType": "function",
          "props": Object {
            "children": Array [
              <ForwardRef>
                Search by: 
              </ForwardRef>,
              Array [
                <OptionButton
                  text="title"
                />,
                <OptionButton
                  text="genres"
                />,
              ],
              <ForwardRef
                onClick={[Function]}
                type="button"
              >
                Search
              </ForwardRef>,
            ],
          },
          "ref": null,
          "rendered": Array [
            Object {
              "instance": null,
              "key": undefined,
              "nodeType": "function",
              "props": Object {
                "children": "Search by: ",
              },
              "ref": null,
              "rendered": "Search by: ",
              "type": Object {
                "$$typeof": Symbol(react.forward_ref),
                "attrs": Array [],
                "componentStyle": ComponentStyle {
                  "componentId": "SearchFormStyles__Display-emg76u-3",
                  "isStatic": true,
                  "rules": Array [
                    "font-size:18px;margin:5px;padding:5px;color:white;",
                  ],
                },
                "displayName": "SearchFormStyles__Display",
                "foldedComponentIds": Array [],
                "render": [Function],
                "styledComponentId": "SearchFormStyles__Display-emg76u-3",
                "target": "p",
                "toString": [Function],
                "warnTooManyClasses": [Function],
                "withComponent": [Function],
              },
            },
            Object {
              "instance": null,
              "key": "title",
              "nodeType": "function",
              "props": Object {
                "changeOption": undefined,
                "option": undefined,
                "text": "title",
              },
              "ref": null,
              "rendered": null,
              "type": [Function],
            },
            Object {
              "instance": null,
              "key": "genres",
              "nodeType": "function",
              "props": Object {
                "changeOption": undefined,
                "option": undefined,
                "text": "genres",
              },
              "ref": null,
              "rendered": null,
              "type": [Function],
            },
            Object {
              "instance": null,
              "key": undefined,
              "nodeType": "function",
              "props": Object {
                "children": "Search",
                "onClick": [Function],
                "type": "button",
              },
              "ref": null,
              "rendered": "Search",
              "type": Object {
                "$$typeof": Symbol(react.forward_ref),
                "attrs": Array [],
                "componentStyle": ComponentStyle {
                  "componentId": "SearchFormStyles__SearchButton-emg76u-4",
                  "isStatic": true,
                  "rules": Array [
                    "background-color:#dd1133;height:32px;border:0;border-radius:4px;font-size:14px;font-weight:600;text-transform:uppercase;margin:4px 10px 4px 10px;padding:2px 10px 2px 10px;margin-left:auto;",
                  ],
                },
                "displayName": "SearchFormStyles__SearchButton",
                "foldedComponentIds": Array [],
                "render": [Function],
                "styledComponentId": "SearchFormStyles__SearchButton-emg76u-4",
                "target": "button",
                "toString": [Function],
                "warnTooManyClasses": [Function],
                "withComponent": [Function],
              },
            },
          ],
          "type": Object {
            "$$typeof": Symbol(react.forward_ref),
            "attrs": Array [],
            "componentStyle": ComponentStyle {
              "componentId": "SearchFormStyles__ButtonsWrapper-emg76u-2",
              "isStatic": true,
              "rules": Array [
                "width:800px;display:flex;margin-top:10px;",
              ],
            },
            "displayName": "SearchFormStyles__ButtonsWrapper",
            "foldedComponentIds": Array [],
            "render": [Function],
            "styledComponentId": "SearchFormStyles__ButtonsWrapper-emg76u-2",
            "target": "div",
            "toString": [Function],
            "warnTooManyClasses": [Function],
            "withComponent": [Function],
          },
        },
      ],
      "type": "form",
    },
    "type": Object {
      "$$typeof": Symbol(react.forward_ref),
      "attrs": Array [],
      "componentStyle": ComponentStyle {
        "componentId": "SearchFormStyles__Wrapper-emg76u-0",
        "isStatic": true,
        "rules": Array [
          "grid-area:3 / 2 / 3 / 4;display:flex;flex-direction:column;",
        ],
      },
      "displayName": "SearchFormStyles__Wrapper",
      "foldedComponentIds": Array [],
      "render": [Function],
      "styledComponentId": "SearchFormStyles__Wrapper-emg76u-0",
      "target": "div",
      "toString": [Function],
      "warnTooManyClasses": [Function],
      "withComponent": [Function],
    },
  },
  Symbol(enzyme.__nodes__): Array [
    Object {
      "instance": null,
      "key": undefined,
      "nodeType": "function",
      "props": Object {
        "children": <form
          onSubmit={[Function]}
        >
          <ForwardRef
            id="location"
            onChange={[Function]}
            onKeyPress={[Function]}
            placeholder="type something"
            value=""
          />
          <ForwardRef>
            <ForwardRef>
              Search by: 
            </ForwardRef>
            <OptionButton
              text="title"
            />
            <OptionButton
              text="genres"
            />
            <ForwardRef
              onClick={[Function]}
              type="button"
            >
              Search
            </ForwardRef>
          </ForwardRef>
        </form>,
      },
      "ref": null,
      "rendered": Object {
        "instance": null,
        "key": undefined,
        "nodeType": "host",
        "props": Object {
          "children": Array [
            <ForwardRef
              id="location"
              onChange={[Function]}
              onKeyPress={[Function]}
              placeholder="type something"
              value=""
            />,
            <ForwardRef>
              <ForwardRef>
                Search by: 
              </ForwardRef>
              <OptionButton
                text="title"
              />
              <OptionButton
                text="genres"
              />
              <ForwardRef
                onClick={[Function]}
                type="button"
              >
                Search
              </ForwardRef>
            </ForwardRef>,
          ],
          "onSubmit": [Function],
        },
        "ref": null,
        "rendered": Array [
          Object {
            "instance": null,
            "key": undefined,
            "nodeType": "function",
            "props": Object {
              "id": "location",
              "onChange": [Function],
              "onKeyPress": [Function],
              "placeholder": "type something",
              "value": "",
            },
            "ref": null,
            "rendered": null,
            "type": Object {
              "$$typeof": Symbol(react.forward_ref),
              "attrs": Array [],
              "componentStyle": ComponentStyle {
                "componentId": "SearchFormStyles__InputWrapper-emg76u-1",
                "isStatic": true,
                "rules": Array [
                  "font-size:18px;border:0;width:780px;height:24px;background:#fff;padding:6px;border:1px solid grey;border-radius:4px;",
                ],
              },
              "displayName": "InputWrapper",
              "foldedComponentIds": Array [],
              "render": [Function],
              "styledComponentId": "SearchFormStyles__InputWrapper-emg76u-1",
              "target": "input",
              "toString": [Function],
              "warnTooManyClasses": [Function],
              "withComponent": [Function],
            },
          },
          Object {
            "instance": null,
            "key": undefined,
            "nodeType": "function",
            "props": Object {
              "children": Array [
                <ForwardRef>
                  Search by: 
                </ForwardRef>,
                Array [
                  <OptionButton
                    text="title"
                  />,
                  <OptionButton
                    text="genres"
                  />,
                ],
                <ForwardRef
                  onClick={[Function]}
                  type="button"
                >
                  Search
                </ForwardRef>,
              ],
            },
            "ref": null,
            "rendered": Array [
              Object {
                "instance": null,
                "key": undefined,
                "nodeType": "function",
                "props": Object {
                  "children": "Search by: ",
                },
                "ref": null,
                "rendered": "Search by: ",
                "type": Object {
                  "$$typeof": Symbol(react.forward_ref),
                  "attrs": Array [],
                  "componentStyle": ComponentStyle {
                    "componentId": "SearchFormStyles__Display-emg76u-3",
                    "isStatic": true,
                    "rules": Array [
                      "font-size:18px;margin:5px;padding:5px;color:white;",
                    ],
                  },
                  "displayName": "SearchFormStyles__Display",
                  "foldedComponentIds": Array [],
                  "render": [Function],
                  "styledComponentId": "SearchFormStyles__Display-emg76u-3",
                  "target": "p",
                  "toString": [Function],
                  "warnTooManyClasses": [Function],
                  "withComponent": [Function],
                },
              },
              Object {
                "instance": null,
                "key": "title",
                "nodeType": "function",
                "props": Object {
                  "changeOption": undefined,
                  "option": undefined,
                  "text": "title",
                },
                "ref": null,
                "rendered": null,
                "type": [Function],
              },
              Object {
                "instance": null,
                "key": "genres",
                "nodeType": "function",
                "props": Object {
                  "changeOption": undefined,
                  "option": undefined,
                  "text": "genres",
                },
                "ref": null,
                "rendered": null,
                "type": [Function],
              },
              Object {
                "instance": null,
                "key": undefined,
                "nodeType": "function",
                "props": Object {
                  "children": "Search",
                  "onClick": [Function],
                  "type": "button",
                },
                "ref": null,
                "rendered": "Search",
                "type": Object {
                  "$$typeof": Symbol(react.forward_ref),
                  "attrs": Array [],
                  "componentStyle": ComponentStyle {
                    "componentId": "SearchFormStyles__SearchButton-emg76u-4",
                    "isStatic": true,
                    "rules": Array [
                      "background-color:#dd1133;height:32px;border:0;border-radius:4px;font-size:14px;font-weight:600;text-transform:uppercase;margin:4px 10px 4px 10px;padding:2px 10px 2px 10px;margin-left:auto;",
                    ],
                  },
                  "displayName": "SearchFormStyles__SearchButton",
                  "foldedComponentIds": Array [],
                  "render": [Function],
                  "styledComponentId": "SearchFormStyles__SearchButton-emg76u-4",
                  "target": "button",
                  "toString": [Function],
                  "warnTooManyClasses": [Function],
                  "withComponent": [Function],
                },
              },
            ],
            "type": Object {
              "$$typeof": Symbol(react.forward_ref),
              "attrs": Array [],
              "componentStyle": ComponentStyle {
                "componentId": "SearchFormStyles__ButtonsWrapper-emg76u-2",
                "isStatic": true,
                "rules": Array [
                  "width:800px;display:flex;margin-top:10px;",
                ],
              },
              "displayName": "SearchFormStyles__ButtonsWrapper",
              "foldedComponentIds": Array [],
              "render": [Function],
              "styledComponentId": "SearchFormStyles__ButtonsWrapper-emg76u-2",
              "target": "div",
              "toString": [Function],
              "warnTooManyClasses": [Function],
              "withComponent": [Function],
            },
          },
        ],
        "type": "form",
      },
      "type": Object {
        "$$typeof": Symbol(react.forward_ref),
        "attrs": Array [],
        "componentStyle": ComponentStyle {
          "componentId": "SearchFormStyles__Wrapper-emg76u-0",
          "isStatic": true,
          "rules": Array [
            "grid-area:3 / 2 / 3 / 4;display:flex;flex-direction:column;",
          ],
        },
        "displayName": "SearchFormStyles__Wrapper",
        "foldedComponentIds": Array [],
        "render": [Function],
        "styledComponentId": "SearchFormStyles__Wrapper-emg76u-0",
        "target": "div",
        "toString": [Function],
        "warnTooManyClasses": [Function],
        "withComponent": [Function],
      },
    },
  ],
  Symbol(enzyme.__options__): Object {
    "adapter": ReactSixteenAdapter {
      "options": Object {
        "enableComponentDidUpdateOnSetState": true,
        "lifecycles": Object {
          "componentDidUpdate": Object {
            "onSetState": true,
          },
          "getDerivedStateFromProps": true,
          "getSnapshotBeforeUpdate": true,
          "setState": Object {
            "skipsComponentDidUpdateOnNullish": true,
          },
        },
      },
    },
  },
}
`;
