// Jest Snapshot v1, https://goo.gl/fbAQLP

exports[`App renders 1`] = `
Array [
  <div
    className="SearchPageStyles__SearchCSSGrid-sc-1ueu3tk-0 bsBxtI"
  >
    <div
      className="SearchPageStyles__HeaderCSSGrid-sc-1ueu3tk-1 dKHhZy"
    >
      <h1
        className="PageNameStyles__H1-sc-1qqo73k-0 fMwOSL"
      >
        Netflix Roulette
      </h1>
      <h2
        className="FormTitleStyles__H2-sc-10gmsuy-0 koCUjc"
      >
        FIND YOUR MOVIE
      </h2>
      <div
        className="SearchFormStyles__Wrapper-emg76u-0 gbhWJX"
      >
        <form
          onSubmit={[Function]}
        >
          <input
            className="SearchFormStyles__InputWrapper-emg76u-1 iBOVkC"
            id="location"
            onChange={[Function]}
            onKeyPress={[Function]}
            placeholder="type something"
            value=""
          />
          <div
            className="SearchFormStyles__ButtonsWrapper-emg76u-2 ideRDc"
          >
            <p
              className="SearchFormStyles__Display-emg76u-3 iyaqPI"
            >
              Search by: 
            </p>
            <button
              className="OptionButtonStyles__Button-sc-1yyses4-0 eKWgln"
              onClick={[Function]}
            >
              title
            </button>
            <button
              className="OptionButtonStyles__Button-sc-1yyses4-0 hkNaKA"
              onClick={[Function]}
            >
              genres
            </button>
            <button
              className="SearchFormStyles__SearchButton-emg76u-4 erPeEk"
              onClick={[Function]}
              type="button"
            >
              Search
            </button>
          </div>
        </form>
      </div>
    </div>
    <div
      className="ResultsOptionsStyles__ResultsOptionsWrapper-qi5qz4-0 bcyhbG"
    >
      <p
        className="ResultsOptionsStyles__Display-qi5qz4-2 gCbovo"
      >
        0
         movies found
      </p>
      <div
        className="ResultsOptionsStyles__ButtonsWrapper-qi5qz4-1 cVcvWT"
      >
        <p
          className="ResultsOptionsStyles__Display-qi5qz4-2 gCbovo"
        >
          Sort by:
        </p>
        <button
          className="OptionButtonStyles__Button-sc-1yyses4-0 eKWgln"
          onClick={[Function]}
        >
          release date
        </button>
        <button
          className="OptionButtonStyles__Button-sc-1yyses4-0 hkNaKA"
          onClick={[Function]}
        >
          rating
        </button>
      </div>
    </div>
    <p>
      loading
    </p>
  </div>,
  <div
    className="AppStyles__ChangePageWrapper-sc-166dlhi-4 ilRoMU"
  >
    <button
      className="ChangePageButtonStyles__Button-ws550g-0 famkUL"
      onClick={[Function]}
    >
      change page
    </button>
  </div>,
]
`;
