// Jest Snapshot v1, https://goo.gl/fbAQLP

exports[`ResultsOptions renders 1`] = `
<div
  className="ResultsOptionsStyles__ResultsOptionsWrapper-qi5qz4-0 bcyhbG"
>
  <p
    className="ResultsOptionsStyles__Display-qi5qz4-2 gCbovo"
  >
     movies found
  </p>
  <div
    className="ResultsOptionsStyles__ButtonsWrapper-qi5qz4-1 cVcvWT"
  >
    <p
      className="ResultsOptionsStyles__Display-qi5qz4-2 gCbovo"
    >
      Sort by:
    </p>
    <button
      className="OptionButtonStyles__Button-sc-1yyses4-0 hkNaKA"
      onClick={[Function]}
    >
      release date
    </button>
    <button
      className="OptionButtonStyles__Button-sc-1yyses4-0 hkNaKA"
      onClick={[Function]}
    >
      rating
    </button>
  </div>
</div>
`;
